0
1
2
3
4
5
6
7
8
9
10
11
12
13
14
15
16
17
18
19
1 item(s) found
19
done
done
4 item(s) found
4
11
15
18
done
done
done
done
1 item(s) found
13
done
done
done
done
